*** Using Compiler 'V6.23', folder: 'F:\Keil_v5\ARM\ARMCLANG\Bin'
Rebuild target 'rp_disp'
compiling stm32f1xx_hal_rcc_ex.c...
compiling gpio.c...
assembling startup_stm32f103xb.s...
compiling usart.c...
compiling spi.c...
compiling stm32f1xx_hal_msp.c...
compiling main.c...
compiling stm32f1xx_hal_gpio_ex.c...
compiling stm32f1xx_it.c...
compiling stm32f1xx_hal.c...
compiling stm32f1xx_hal_rcc.c...
compiling stm32f1xx_hal_gpio.c...
compiling stm32f1xx_hal_dma.c...
compiling stm32f1xx_hal_spi.c...
compiling stm32f1xx_hal_exti.c...
compiling stm32f1xx_hal_flash.c...
compiling stm32f1xx_hal_pwr.c...
compiling stm32f1xx_hal_cortex.c...
compiling delay.c...
compiling stm32f1xx_hal_flash_ex.c...
compiling system_stm32f1xx.c...
compiling bsp_usart.c...
compiling bsp_key.c...
compiling app_disp.c...
compiling stm32f1xx_hal_uart.c...
compiling oled.c...
compiling oled_ui.c...
linking...
Program Size: Code=31292 RO-data=12008 RW-data=5652 ZI-data=4228  
FromELF: creating hex file...
".\rp_disp\rp_disp.axf" - 0 Error(s), 0 Warning(s).
Build Time Elapsed:  00:00:02
